---
http_interactions:
- request:
    method: get
    uri: http://127.0.0.1:50242/__identify__
    body:
      encoding: US-ASCII
      string: ''
    headers:
      Accept-Encoding:
      - gzip;q=1.0,deflate;q=0.6,identity;q=0.3
      Accept:
      - '*/*'
      User-Agent:
      - Ruby
  response:
    status:
      code: 200
      message: 'OK '
    headers:
      Server:
      - WEBrick/1.3.1 (Ruby/2.0.0/2015-02-25)
      Date:
      - Fri, 18 Sep 2015 09:40:43 GMT
      Content-Length:
      - '8'
      Connection:
      - Keep-Alive
    body:
      encoding: UTF-8
      string: '68830980'
    http_version: 
  recorded_at: Fri, 18 Sep 2015 09:40:43 GMT
- request:
    method: get
    uri: http://127.0.0.1:33026/__identify__
    body:
      encoding: US-ASCII
      string: ''
    headers:
      Accept-Encoding:
      - gzip;q=1.0,deflate;q=0.6,identity;q=0.3
      Accept:
      - '*/*'
      User-Agent:
      - Ruby
  response:
    status:
      code: 200
      message: 'OK '
    headers:
      Server:
      - WEBrick/1.3.1 (Ruby/2.0.0/2015-02-25)
      Date:
      - Fri, 18 Sep 2015 09:46:53 GMT
      Content-Length:
      - '8'
      Connection:
      - Keep-Alive
    body:
      encoding: UTF-8
      string: '62097140'
    http_version: 
  recorded_at: Fri, 18 Sep 2015 09:46:53 GMT
- request:
    method: get
    uri: http://127.0.0.1:50071/__identify__
    body:
      encoding: US-ASCII
      string: ''
    headers:
      Accept-Encoding:
      - gzip;q=1.0,deflate;q=0.6,identity;q=0.3
      Accept:
      - '*/*'
      User-Agent:
      - Ruby
  response:
    status:
      code: 200
      message: 'OK '
    headers:
      Server:
      - WEBrick/1.3.1 (Ruby/2.0.0/2015-02-25)
      Date:
      - Fri, 18 Sep 2015 09:48:33 GMT
      Content-Length:
      - '8'
      Connection:
      - Keep-Alive
    body:
      encoding: UTF-8
      string: '67118840'
    http_version: 
  recorded_at: Fri, 18 Sep 2015 09:48:33 GMT
recorded_with: VCR 2.9.3
